

  Security
    Γ£ö should prevent direct initialization of implementation contracts (1880ms)
node.exe : Warning: 
Potentially unsafe 
deployment of contracts
/TokenVaultV1.sol:Token
VaultV1
At line:1 char:1
+ & "C:\Program 
Files\nodejs/node.exe" 
"C:\Program 
Files\nodejs/node_mo 
...
+ ~~~~~~~~~~~~~~~~~~~~~
~~~~~~~~~~~~~~~~~~~~~~~
~~~~~~~~~~~~~~~~~~~~~~~
~~
    + CategoryInfo     
         : NotSpecifi  
  ed: (Warning: Pote   
 nt...ol:TokenVault    
V1:String) [], Rem    
oteException
    + FullyQualifiedEr 
   rorId : NativeComm  
  andError
 

    You are using the `
unsafeAllow.constructor
` flag.

Warning: Potentially 
unsafe deployment of co
ntracts/TokenVaultV2.so
l:TokenVaultV2

    You are using the `
unsafeAllow.constructor
` flag.

    1) should prevent unauthorized upgrades
Warning: Potentially 
unsafe deployment of co
ntracts/TokenVaultV1.so
l:TokenVaultV1

    You are using the `
unsafeAllow.constructor
` flag.

Warning: Potentially 
unsafe deployment of co
ntracts/TokenVaultV2.so
l:TokenVaultV2

    You are using the `
unsafeAllow.constructor
` flag.

    2) should use storage gaps for future upgrades
Warning: Potentially 
unsafe deployment of co
ntracts/TokenVaultV1.so
l:TokenVaultV1

    You are using the `
unsafeAllow.constructor
` flag.

Warning: Potentially 
unsafe deployment of co
ntracts/TokenVaultV2.so
l:TokenVaultV2

    You are using the `
unsafeAllow.constructor
` flag.

    3) should not have storage layout collisions across versions
Warning: Potentially 
unsafe deployment of co
ntracts/TokenVaultV1.so
l:TokenVaultV1

    You are using the `
unsafeAllow.constructor
` flag.

Warning: Potentially 
unsafe deployment of co
ntracts/TokenVaultV2.so
l:TokenVaultV2

    You are using the `
unsafeAllow.constructor
` flag.

    4) should prevent function selector clashing

  TokenVaultV1
Warning: Potentially 
unsafe deployment of co
ntracts/TokenVaultV1.so
l:TokenVaultV1

    You are using the `
unsafeAllow.constructor
` flag.

    Γ£ö should initialize with correct parameters
Warning: Potentially 
unsafe deployment of co
ntracts/TokenVaultV1.so
l:TokenVaultV1

    You are using the `
unsafeAllow.constructor
` flag.

    Γ£ö should allow deposits and update balances
Warning: Potentially 
unsafe deployment of co
ntracts/TokenVaultV1.so
l:TokenVaultV1

    You are using the `
unsafeAllow.constructor
` flag.

    Γ£ö should deduct deposit fee correctly
Warning: Potentially 
unsafe deployment of co
ntracts/TokenVaultV1.so
l:TokenVaultV1

    You are using the `
unsafeAllow.constructor
` flag.

    Γ£ö should allow withdrawals and update balances
Warning: Potentially 
unsafe deployment of co
ntracts/TokenVaultV1.so
l:TokenVaultV1

    You are using the `
unsafeAllow.constructor
` flag.

    Γ£ö should prevent withdrawal of more than balance
Warning: Potentially 
unsafe deployment of co
ntracts/TokenVaultV1.so
l:TokenVaultV1

    You are using the `
unsafeAllow.constructor
` flag.

    Γ£ö should prevent reinitialization

  Upgrade V1 -> V2
Warning: Potentially 
unsafe deployment of co
ntracts/TokenVaultV1.so
l:TokenVaultV1

    You are using the `
unsafeAllow.constructor
` flag.

Warning: Potentially 
unsafe deployment of co
ntracts/TokenVaultV2.so
l:TokenVaultV2

    You are using the `
unsafeAllow.constructor
` flag.

    5) should preserve user balances after upgrade
Warning: Potentially 
unsafe deployment of co
ntracts/TokenVaultV1.so
l:TokenVaultV1

    You are using the `
unsafeAllow.constructor
` flag.

Warning: Potentially 
unsafe deployment of co
ntracts/TokenVaultV2.so
l:TokenVaultV2

    You are using the `
unsafeAllow.constructor
` flag.

    6) should preserve total deposits after upgrade
Warning: Potentially 
unsafe deployment of co
ntracts/TokenVaultV1.so
l:TokenVaultV1

    You are using the `
unsafeAllow.constructor
` flag.

Warning: Potentially 
unsafe deployment of co
ntracts/TokenVaultV2.so
l:TokenVaultV2

    You are using the `
unsafeAllow.constructor
` flag.

    7) should maintain admin access control after upgrade
Warning: Potentially 
unsafe deployment of co
ntracts/TokenVaultV1.so
l:TokenVaultV1

    You are using the `
unsafeAllow.constructor
` flag.

Warning: Potentially 
unsafe deployment of co
ntracts/TokenVaultV2.so
l:TokenVaultV2

    You are using the `
unsafeAllow.constructor
` flag.

    8) should allow setting yield rate in V2
Warning: Potentially 
unsafe deployment of co
ntracts/TokenVaultV1.so
l:TokenVaultV1

    You are using the `
unsafeAllow.constructor
` flag.

Warning: Potentially 
unsafe deployment of co
ntracts/TokenVaultV2.so
l:TokenVaultV2

    You are using the `
unsafeAllow.constructor
` flag.

    9) should calculate yield correctly
Warning: Potentially 
unsafe deployment of co
ntracts/TokenVaultV1.so
l:TokenVaultV1

    You are using the `
unsafeAllow.constructor
` flag.

Warning: Potentially 
unsafe deployment of co
ntracts/TokenVaultV2.so
l:TokenVaultV2

    You are using the `
unsafeAllow.constructor
` flag.

    10) should prevent non-admin from setting yield rate
Warning: Potentially 
unsafe deployment of co
ntracts/TokenVaultV1.so
l:TokenVaultV1

    You are using the `
unsafeAllow.constructor
` flag.

Warning: Potentially 
unsafe deployment of co
ntracts/TokenVaultV2.so
l:TokenVaultV2

    You are using the `
unsafeAllow.constructor
` flag.

    11) should allow pausing deposits in V2

  Upgrade V2 -> V3
Warning: Potentially 
unsafe deployment of co
ntracts/TokenVaultV1.so
l:TokenVaultV1

    You are using the `
unsafeAllow.constructor
` flag.

Warning: Potentially 
unsafe deployment of co
ntracts/TokenVaultV2.so
l:TokenVaultV2

    You are using the `
unsafeAllow.constructor
` flag.

    12) "before each" hook for "should preserve all V2 state after upgrade"


  7 passing (5s)
  12 failing

  1) Security
       should prevent unauthorized upgrades:
     Error: Contract `contracts/TokenVaultV2.sol:TokenVaultV2` is not upgrade safe

contracts\TokenVaultV2.sol:10: Missing initializer
    Define an initializer function and use it to call the initializers of parent contracts
    https://zpl.in/upgrades/error-001
      at assertUpgradeSafe (node_modules\@openzeppelin\upgrades-core\src\validate\query.ts:20:11)
      at validateImpl (node_modules\@openzeppelin\hardhat-upgrades\src\utils\validate-impl.ts:42:20)
      at validateProxyImpl (node_modules\@openzeppelin\hardhat-upgrades\src\utils\validate-impl.ts:63:10)
      at deployProxyImpl (node_modules\@openzeppelin\hardhat-upgrades\src\utils\deploy-impl.ts:72:3)
      at Proxy.upgradeProxy (node_modules\@openzeppelin\hardhat-upgrades\src\upgrade-proxy.ts:35:32)
      at Context.<anonymous> (test\security.test.js:32:5)

  2) Security
       should use storage gaps for future upgrades:
     Error: Contract `contracts/TokenVaultV2.sol:TokenVaultV2` is not upgrade safe

contracts\TokenVaultV2.sol:10: Missing initializer
    Define an initializer function and use it to call the initializers of parent contracts
    https://zpl.in/upgrades/error-001
      at assertUpgradeSafe (node_modules\@openzeppelin\upgrades-core\src\validate\query.ts:20:11)
      at validateImpl (node_modules\@openzeppelin\hardhat-upgrades\src\utils\validate-impl.ts:42:20)
      at validateProxyImpl (node_modules\@openzeppelin\hardhat-upgrades\src\utils\validate-impl.ts:63:10)
      at deployProxyImpl (node_modules\@openzeppelin\hardhat-upgrades\src\utils\deploy-impl.ts:72:3)
      at Proxy.upgradeProxy (node_modules\@openzeppelin\hardhat-upgrades\src\upgrade-proxy.ts:35:32)
      at Context.<anonymous> (test\security.test.js:56:21)

  3) Security
       should not have storage layout collisions across versions:
     Error: Contract `contracts/TokenVaultV2.sol:TokenVaultV2` is not upgrade safe

contracts\TokenVaultV2.sol:10: Missing initializer
    Define an initializer function and use it to call the initializers of parent contracts
    https://zpl.in/upgrades/error-001
      at assertUpgradeSafe (node_modules\@openzeppelin\upgrades-core\src\validate\query.ts:20:11)
      at validateImpl (node_modules\@openzeppelin\hardhat-upgrades\src\utils\validate-impl.ts:42:20)
      at validateProxyImpl (node_modules\@openzeppelin\hardhat-upgrades\src\utils\validate-impl.ts:63:10)
      at deployProxyImpl (node_modules\@openzeppelin\hardhat-upgrades\src\utils\deploy-impl.ts:72:3)
      at Proxy.upgradeProxy (node_modules\@openzeppelin\hardhat-upgrades\src\upgrade-proxy.ts:35:32)
      at Context.<anonymous> (test\security.test.js:83:16)

  4) Security
       should prevent function selector clashing:
     Error: Contract `contracts/TokenVaultV2.sol:TokenVaultV2` is not upgrade safe

contracts\TokenVaultV2.sol:10: Missing initializer
    Define an initializer function and use it to call the initializers of parent contracts
    https://zpl.in/upgrades/error-001
      at assertUpgradeSafe (node_modules\@openzeppelin\upgrades-core\src\validate\query.ts:20:11)
      at validateImpl (node_modules\@openzeppelin\hardhat-upgrades\src\utils\validate-impl.ts:42:20)
      at validateProxyImpl (node_modules\@openzeppelin\hardhat-upgrades\src\utils\validate-impl.ts:63:10)
      at deployProxyImpl (node_modules\@openzeppelin\hardhat-upgrades\src\utils\deploy-impl.ts:72:3)
      at Proxy.upgradeProxy (node_modules\@openzeppelin\hardhat-upgrades\src\upgrade-proxy.ts:35:32)
      at Context.<anonymous> (test\security.test.js:118:16)

  5) Upgrade V1 -> V2
       should preserve user balances after upgrade:
     Error: Contract `contracts/TokenVaultV2.sol:TokenVaultV2` is not upgrade safe

contracts\TokenVaultV2.sol:10: Missing initializer
    Define an initializer function and use it to call the initializers of parent contracts
    https://zpl.in/upgrades/error-001
      at assertUpgradeSafe (node_modules\@openzeppelin\upgrades-core\src\validate\query.ts:20:11)
      at validateImpl (node_modules\@openzeppelin\hardhat-upgrades\src\utils\validate-impl.ts:42:20)
      at validateProxyImpl (node_modules\@openzeppelin\hardhat-upgrades\src\utils\validate-impl.ts:63:10)
      at deployProxyImpl (node_modules\@openzeppelin\hardhat-upgrades\src\utils\deploy-impl.ts:72:3)
      at Proxy.upgradeProxy (node_modules\@openzeppelin\hardhat-upgrades\src\upgrade-proxy.ts:35:32)
      at Context.<anonymous> (test\upgrade-v1-to-v2.test.js:28:21)

  6) Upgrade V1 -> V2
       should preserve total deposits after upgrade:
     Error: Contract `contracts/TokenVaultV2.sol:TokenVaultV2` is not upgrade safe

contracts\TokenVaultV2.sol:10: Missing initializer
    Define an initializer function and use it to call the initializers of parent contracts
    https://zpl.in/upgrades/error-001
      at assertUpgradeSafe (node_modules\@openzeppelin\upgrades-core\src\validate\query.ts:20:11)
      at validateImpl (node_modules\@openzeppelin\hardhat-upgrades\src\utils\validate-impl.ts:42:20)
      at validateProxyImpl (node_modules\@openzeppelin\hardhat-upgrades\src\utils\validate-impl.ts:63:10)
      at deployProxyImpl (node_modules\@openzeppelin\hardhat-upgrades\src\utils\deploy-impl.ts:72:3)
      at Proxy.upgradeProxy (node_modules\@openzeppelin\hardhat-upgrades\src\upgrade-proxy.ts:35:32)
      at Context.<anonymous> (test\upgrade-v1-to-v2.test.js:36:21)

  7) Upgrade V1 -> V2
       should maintain admin access control after upgrade:
     Error: Contract `contracts/TokenVaultV2.sol:TokenVaultV2` is not upgrade safe

contracts\TokenVaultV2.sol:10: Missing initializer
    Define an initializer function and use it to call the initializers of parent contracts
    https://zpl.in/upgrades/error-001
      at assertUpgradeSafe (node_modules\@openzeppelin\upgrades-core\src\validate\query.ts:20:11)
      at validateImpl (node_modules\@openzeppelin\hardhat-upgrades\src\utils\validate-impl.ts:42:20)
      at validateProxyImpl (node_modules\@openzeppelin\hardhat-upgrades\src\utils\validate-impl.ts:63:10)
      at deployProxyImpl (node_modules\@openzeppelin\hardhat-upgrades\src\utils\deploy-impl.ts:72:3)
      at Proxy.upgradeProxy (node_modules\@openzeppelin\hardhat-upgrades\src\upgrade-proxy.ts:35:32)
      at Context.<anonymous> (test\upgrade-v1-to-v2.test.js:44:21)

  8) Upgrade V1 -> V2
       should allow setting yield rate in V2:
     Error: Contract `contracts/TokenVaultV2.sol:TokenVaultV2` is not upgrade safe

contracts\TokenVaultV2.sol:10: Missing initializer
    Define an initializer function and use it to call the initializers of parent contracts
    https://zpl.in/upgrades/error-001
      at assertUpgradeSafe (node_modules\@openzeppelin\upgrades-core\src\validate\query.ts:20:11)
      at validateImpl (node_modules\@openzeppelin\hardhat-upgrades\src\utils\validate-impl.ts:42:20)
      at validateProxyImpl (node_modules\@openzeppelin\hardhat-upgrades\src\utils\validate-impl.ts:63:10)
      at deployProxyImpl (node_modules\@openzeppelin\hardhat-upgrades\src\utils\deploy-impl.ts:72:3)
      at Proxy.upgradeProxy (node_modules\@openzeppelin\hardhat-upgrades\src\upgrade-proxy.ts:35:32)
      at Context.<anonymous> (test\upgrade-v1-to-v2.test.js:53:21)

  9) Upgrade V1 -> V2
       should calculate yield correctly:
     Error: Contract `contracts/TokenVaultV2.sol:TokenVaultV2` is not upgrade safe

contracts\TokenVaultV2.sol:10: Missing initializer
    Define an initializer function and use it to call the initializers of parent contracts
    https://zpl.in/upgrades/error-001
      at assertUpgradeSafe (node_modules\@openzeppelin\upgrades-core\src\validate\query.ts:20:11)
      at validateImpl (node_modules\@openzeppelin\hardhat-upgrades\src\utils\validate-impl.ts:42:20)
      at validateProxyImpl (node_modules\@openzeppelin\hardhat-upgrades\src\utils\validate-impl.ts:63:10)
      at deployProxyImpl (node_modules\@openzeppelin\hardhat-upgrades\src\utils\deploy-impl.ts:72:3)
      at Proxy.upgradeProxy (node_modules\@openzeppelin\hardhat-upgrades\src\upgrade-proxy.ts:35:32)
      at Context.<anonymous> (test\upgrade-v1-to-v2.test.js:62:21)

  10) Upgrade V1 -> V2
       should prevent non-admin from setting yield rate:
     Error: Contract `contracts/TokenVaultV2.sol:TokenVaultV2` is not upgrade safe

contracts\TokenVaultV2.sol:10: Missing initializer
    Define an initializer function and use it to call the initializers of parent contracts
    https://zpl.in/upgrades/error-001
      at assertUpgradeSafe (node_modules\@openzeppelin\upgrades-core\src\validate\query.ts:20:11)
      at validateImpl (node_modules\@openzeppelin\hardhat-upgrades\src\utils\validate-impl.ts:42:20)
      at validateProxyImpl (node_modules\@openzeppelin\hardhat-upgrades\src\utils\validate-impl.ts:63:10)
      at deployProxyImpl (node_modules\@openzeppelin\hardhat-upgrades\src\utils\deploy-impl.ts:72:3)
      at Proxy.upgradeProxy (node_modules\@openzeppelin\hardhat-upgrades\src\upgrade-proxy.ts:35:32)
      at Context.<anonymous> (test\upgrade-v1-to-v2.test.js:84:21)

  11) Upgrade V1 -> V2
       should allow pausing deposits in V2:
     Error: Contract `contracts/TokenVaultV2.sol:TokenVaultV2` is not upgrade safe

contracts\TokenVaultV2.sol:10: Missing initializer
    Define an initializer function and use it to call the initializers of parent contracts
    https://zpl.in/upgrades/error-001
      at assertUpgradeSafe (node_modules\@openzeppelin\upgrades-core\src\validate\query.ts:20:11)
      at validateImpl (node_modules\@openzeppelin\hardhat-upgrades\src\utils\validate-impl.ts:42:20)
      at validateProxyImpl (node_modules\@openzeppelin\hardhat-upgrades\src\utils\validate-impl.ts:63:10)
      at deployProxyImpl (node_modules\@openzeppelin\hardhat-upgrades\src\utils\deploy-impl.ts:72:3)
      at Proxy.upgradeProxy (node_modules\@openzeppelin\hardhat-upgrades\src\upgrade-proxy.ts:35:32)
      at Context.<anonymous> (test\upgrade-v1-to-v2.test.js:92:21)

  12) Upgrade V2 -> V3
       "before each" hook for "should preserve all V2 state after upgrade":
     Error: Contract `contracts/TokenVaultV2.sol:TokenVaultV2` is not upgrade safe

contracts\TokenVaultV2.sol:10: Missing initializer
    Define an initializer function and use it to call the initializers of parent contracts
    https://zpl.in/upgrades/error-001
      at assertUpgradeSafe (node_modules\@openzeppelin\upgrades-core\src\validate\query.ts:20:11)
      at validateImpl (node_modules\@openzeppelin\hardhat-upgrades\src\utils\validate-impl.ts:42:20)
      at validateProxyImpl (node_modules\@openzeppelin\hardhat-upgrades\src\utils\validate-impl.ts:63:10)
      at deployProxyImpl (node_modules\@openzeppelin\hardhat-upgrades\src\utils\deploy-impl.ts:72:3)
      at Proxy.upgradeProxy (node_modules\@openzeppelin\hardhat-upgrades\src\upgrade-proxy.ts:35:32)
      at Context.<anonymous> (test\upgrade-v2-to-v3.test.js:26:15)



